InfoTable{table=npc_text,fileName=npctext.scp,outfile=npc_text.sql}
TypeTable{npctext=evaluate(int rand()*1000000),text0_0=string,text1_0=string,text2_0=string,text3_0=string,text4_0=string,text5_0=string,text6_0=string,text7_0=string,text8_0=string,text0_1=string,text1_1=string,text2_1=string,text3_1=string,text4_1=string,text5_1=string,text6_1=string,text7_1=string,text8_1=string}

X0->TYPE_UNUSED(0)
X1->TYPE_UNUSED(1)
X2->TYPE_UNUSED(2)
X3->TYPE_UNUSED(3)
X4->TYPE_UNUSED(4)
X5->TYPE_UNUSED(5)
X6->TYPE_UNUSED(6)
X7->TYPE_UNUSED(7)
X8->TYPE_UNUSED(8)
npctext->ID(0)
text0_0[UNIQUE(npctext,X0)]->TEXT
text1_0[UNIQUE(npctext,X1)]->TEXT
text2_0[UNIQUE(npctext,X2)]->TEXT
text3_0[UNIQUE(npctext,X3)]->TEXT
text4_0[UNIQUE(npctext,X4)]->TEXT
text5_0[UNIQUE(npctext,X5)]->TEXT
text6_0[UNIQUE(npctext,X6)]->TEXT
text7_0[UNIQUE(npctext,X7)]->TEXT
text8_0[UNIQUE(npctext,X8)]->TEXT
text0_1[UNIQUE(npctext,X0)]->TEXT
text1_1[UNIQUE(npctext,X1)]->TEXT
text2_1[UNIQUE(npctext,X2)]->TEXT
text3_1[UNIQUE(npctext,X3)]->TEXT
text4_1[UNIQUE(npctext,X4)]->TEXT
text5_1[UNIQUE(npctext,X5)]->TEXT
text6_1[UNIQUE(npctext,X6)]->TEXT
text7_1[UNIQUE(npctext,X7)]->TEXT
text8_1[UNIQUE(npctext,X8)]->TEXT
