TypeTable{item=int,classes=hex,races=hex,name=string,description=string}
InfoTable{table=items,outfile=items.sql,fileName=items.scp}
item->entry
X1->itemlen(0)
class->class
subclass->subclass
name->name
X->name2()
X->name3()
X->name4()
quality->quality
flags->flags
buyprice->buyprice
sellprice->sellprice
inventorytype->inventorytype
classes->allowableclass
races->allowablerace
delay->delay
durability->MaxDurability
description->description
spell[]->__Referencer__
spell[0]->spellid_1,spelltrigger_1,spellcharges_1,spellcooldown_1,spellcategory_1
spell[1]->spellid_2,spelltrigger_2,spellcharges_2,spellcooldown_2,spellcategory_2
spell[2]->spellid_3,spelltrigger_3,spellcharges_3,spellcooldown_3,spellcategory_3
model->displayid
skill->requiredSkill
skillrank->requiredSkillRank
# UQ1 Added...
level->itemlevel
reqlevel->requiredlevel
stackable->maxcount
sheath->sheath
damage[]->__Referencer__
damage[0]->dmg_min1,dmg_max1,dmg_type1
damage[1]->dmg_min2,dmg_max2,dmg_type2
damage[2]->dmg_min3,dmg_max3,dmg_type3
damage[3]->dmg_min4,dmg_max4,dmg_type4
damage[4]->dmg_min5,dmg_max5,dmg_type5
bonus[]->__Referencer__
bonus[0]->stat_type1,stat_value1
bonus[1]->stat_type2,stat_value2
bonus[2]->stat_type3,stat_value3
bonus[3]->stat_type4,stat_value4
bonus[4]->stat_type5,stat_value5
bonus[5]->stat_type6,stat_value6
bonus[6]->stat_type7,stat_value7
bonus[7]->stat_type8,stat_value8
bonus[8]->stat_type9,stat_value9
bonus[9]->stat_type10,stat_value10
resistance1->armor
resistance2->holy_res
resistance3->fire_res
resistance4->nature_res
resistance5->frost_res
resistance6->shadow_res
resistance7->arcane_res
block->block
bonding->bonding
material->material
questid[]->__Referencer__
questid[0]->StartQuest,StartQuest2,StartQuest3
